
     | | | | | | |
   _________________
  -|               |-
  -|               |-
  -|               |-
  -|    CYPRESS    |-
  -|               |-
  -|               |-   Warp VHDL Synthesis Compiler: Version 6.3 IR 35
  -|               |-   Copyright (C) 1991-2001 Cypress Semiconductor
   |_______________|
     | | | | | | |

======================================================================
Compiling:  p10-2.vhd
Options:    -yu -e10 -w100 -o2 -ygs -fP -v10 -dc22v10 -ppalce22v10-15pc -b p10-2.vhd -u Practica10-2.hie
======================================================================

vhdlfe V6.3 IR 35:  VHDL parser
Fri Dec 11 14:56:18 2020

Library 'work' => directory 'lc22v10'
Linking 'C:\Program Files\Cypress\Warp\bin\std.vhd'.
Linking 'C:\Program Files\Cypress\Warp\lib\common\cypress.vhd'.
Linking 'C:\Program Files\Cypress\Warp\lib\common\work\cypress.vif'.
Library 'ieee' => directory 'C:\Program Files\Cypress\Warp\lib\ieee\work'
Linking 'C:\Program Files\Cypress\Warp\lib\ieee\work\stdlogic.vif'.

vhdlfe:  No errors.


tovif V6.3 IR 35:  High-level synthesis
Fri Dec 11 14:56:18 2020

Linking 'C:\Program Files\Cypress\Warp\bin\std.vhd'.
Linking 'C:\Program Files\Cypress\Warp\lib\common\cypress.vhd'.
Linking 'C:\Program Files\Cypress\Warp\lib\common\work\cypress.vif'.
Linking 'C:\Program Files\Cypress\Warp\lib\ieee\work\stdlogic.vif'.
p10-2.vhd (line 41, col 12):  Warning: (W479) 'uni' should be referenced in the sensitivity list.
p10-2.vhd (line 55, col 12):  Warning: (W479) 'dec' should be referenced in the sensitivity list.

tovif:  No errors.  2 warnings.


topld V6.3 IR 35:  Synthesis and optimization
Fri Dec 11 14:56:18 2020

Linking 'C:\Program Files\Cypress\Warp\bin\std.vhd'.
Linking 'C:\Program Files\Cypress\Warp\lib\common\cypress.vhd'.
Linking 'C:\Program Files\Cypress\Warp\lib\common\work\cypress.vif'.
Linking 'C:\Program Files\Cypress\Warp\lib\ieee\work\stdlogic.vif'.

----------------------------------------------------------
Detecting unused logic.
----------------------------------------------------------



------------------------------------------------------
Alias Detection
------------------------------------------------------

------------------------------------------------------
Aliased 0 equations, 9 wires.
------------------------------------------------------

----------------------------------------------------------
Circuit simplification
----------------------------------------------------------

----------------------------------------------------------
Circuit simplification results:

	Expanded 0 signals.
	Turned 0 signals into soft nodes.
	Maximum default expansion cost was set at 10.
----------------------------------------------------------
Created 29 PLD nodes.

topld:  No errors.

----------------------------------------------------------------------------
PLD Optimizer Software:       DSGNOPT.EXE    31/03/2000  [v4.02 ] 6.3 IR 35

DESIGN HEADER INFORMATION  (14:56:19)

Input File(s): p10-2.pla
Device       : C22V10
Package      : palce22v10-15pc
ReportFile   : p10-2.rpt

Program Controls:
    COMMAND LANGUAGE_VHDL 
    COMMAND PROPERTY BUS_HOLD ENABLE 

Signal Requests:
    GROUP USEPOL ALL
    GROUP FAST_SLEW ALL

Completed Successfully  
----------------------------------------------------------------------------
PLD Optimizer Software:       DSGNOPT.EXE    31/03/2000  [v4.02 ] 6.3 IR 35

OPTIMIZATION OPTIONS       (14:56:19)

Messages:
  Information: Optimizing logic using best output polarity for signals:
         display(0) display(1) display(2) display(3) display(4) display(5)
         display(6)

  Information: Selected logic optimization OFF for signals:
         cat(0).D cat(0).AP cat(0).C cat(1).D cat(1).AP cat(1).C cat(2).D
         cat(2).AR cat(2).C



Summary:
                 Error Count = 0      Warning Count = 0

Completed Successfully  
----------------------------------------------------------------------------
PLD Optimizer Software:       MINOPT.EXE     01/NOV/1999  [v4.02 ] 6.3 IR 35

LOGIC MINIMIZATION         ()

Messages:


Summary:
                 Error Count = 0      Warning Count = 0

Completed Successfully
----------------------------------------------------------------------------
PLD Optimizer Software:       DSGNOPT.EXE    31/03/2000  [v4.02 ] 6.3 IR 35

OPTIMIZATION OPTIONS       (14:56:19)

Messages:
  Information: Optimizing Banked Preset/Reset requirements.
  Information: Selecting D register equation as minimal for signal cat(2)
  Information: Inverting Preset/Reset & output logic polarity for cat(0).
  Information: Selecting D register equation as minimal for signal cat(0)
  Information: Inverting Preset/Reset & output logic polarity for cat(1).
  Information: Selecting D register equation as minimal for signal cat(1)
  Information: Optimizing logic without changing polarity for signals:
         display(0) display(1) display(2) display(3) display(4) display(5)
         display(6)

  Information: Selected logic optimization OFF for signals:
         cat(0).D cat(0).AR cat(0).SP cat(0).C cat(1).D cat(1).AR cat(1).SP
         cat(1).C cat(2).D cat(2).AR cat(2).SP cat(2).C



Summary:
                 Error Count = 0      Warning Count = 0

Completed Successfully  
----------------------------------------------------------------------------
PLD Optimizer Software:       MINOPT.EXE     01/NOV/1999  [v4.02 ] 6.3 IR 35

LOGIC MINIMIZATION         ()

Messages:


Summary:
                 Error Count = 0      Warning Count = 0

Completed Successfully
----------------------------------------------------------------------------
PLD Optimizer Software:       DSGNOPT.EXE    31/03/2000  [v4.02 ] 6.3 IR 35

OPTIMIZATION OPTIONS       (14:56:19)

Messages:


Summary:
                 Error Count = 0      Warning Count = 0

Completed Successfully  
----------------------------------------------------------------------------
PLD Compiler Software:        PLA2JED.EXE    31/03/2000  [v4.02 ] 6.3 IR 35

<CYPRESSTAG name="Equations" icon=FILE_RPT_EQUATION>
DESIGN EQUATIONS           (14:56:19)
</CYPRESSTAG>

    /cat(0).D =
          /cat(1).Q 

    cat(0).AR =
          clr 

    cat(0).SP =
          GND

    cat(0).C =
          clk 

    /cat(1).D =
          /cat(2).Q 

    cat(1).AR =
          clr 

    cat(1).SP =
          GND

    cat(1).C =
          clk 

    cat(2).D =
          cat(0).Q 

    cat(2).AR =
          clr 

    cat(2).SP =
          GND

    cat(2).C =
          clk 

    display(0) =
          /cat(0).Q * /clr * /uni(1) * /uni(2) * uni(3) 
        + /cat(0).Q * /clr * /uni(0) * uni(2) * /uni(3) 
        + /cat(0).Q * /clr * /uni(1) * uni(2) * /uni(3) 
        + /cat(0).Q * /clr * uni(1) * /uni(2) * /uni(3) 
        + cat(0).Q * /clr * /dec(0) * dec(2) 
        + cat(0).Q * /clr * /dec(1) * dec(2) 
        + cat(0).Q * /clr * dec(1) * /dec(2) 

    display(1) =
          /cat(0).Q * /clr * /uni(1) * /uni(2) * uni(3) 
        + /cat(0).Q * /clr * /uni(0) * uni(2) * /uni(3) 
        + /cat(0).Q * /clr * /uni(1) * uni(2) * /uni(3) 
        + /cat(0).Q * /clr * /uni(0) * /uni(1) * /uni(3) 
        + cat(0).Q * /clr * /dec(0) * dec(2) 
        + cat(0).Q * /clr * /dec(1) * dec(2) 
        + cat(0).Q * /clr * /dec(0) * /dec(1) 

    display(2) =
          /cat(0).Q * /clr * /uni(0) * /uni(1) * /uni(2) 
        + /cat(0).Q * /clr * /uni(0) * uni(1) * /uni(3) 
        + cat(0).Q * /clr * /dec(0) * dec(1) 
        + cat(0).Q * /clr * /dec(0) * /dec(2) 

    display(3) =
          /cat(0).Q * /clr * uni(0) * /uni(1) * uni(2) * /uni(3) 
        + cat(0).Q * /clr * dec(0) * /dec(1) * dec(2) 
        + /cat(0).Q * /clr * /uni(1) * /uni(2) * uni(3) 
        + /cat(0).Q * /clr * /uni(0) * uni(1) * /uni(3) 
        + /cat(0).Q * /clr * uni(1) * /uni(2) * /uni(3) 
        + /cat(0).Q * /clr * /uni(0) * /uni(2) * /uni(3) 
        + cat(0).Q * /clr * /dec(0) * dec(1) 
        + cat(0).Q * /clr * dec(1) * /dec(2) 
        + cat(0).Q * /clr * /dec(0) * /dec(2) 

    /display(4) =
          cat(0).Q * /dec(0) * dec(1) * /dec(2) 
        + /cat(0).Q * /uni(0) * uni(1) * /uni(2) 
        + /cat(0).Q * uni(2) * uni(3) 
        + /cat(0).Q * uni(1) * uni(3) 
        + clr 

    display(5) =
          /cat(0).Q * /clr * uni(0) * uni(1) * /uni(3) 
        + /cat(0).Q * /clr * /uni(0) * /uni(1) * /uni(3) 
        + cat(0).Q * /clr * dec(0) * dec(1) 
        + cat(0).Q * /clr * /dec(0) * /dec(1) 
        + /cat(0).Q * /clr * /uni(1) * /uni(2) 
        + /cat(0).Q * /clr * /uni(2) * /uni(3) 
        + cat(0).Q * /clr * /dec(2) 

    display(6) =
          /cat(0).Q * /clr * /uni(1) * /uni(2) * uni(3) 
        + /cat(0).Q * /clr * uni(0) * uni(2) * /uni(3) 
        + /cat(0).Q * /clr * /uni(0) * /uni(2) * /uni(3) 
        + cat(0).Q * /clr * dec(0) * dec(2) 
        + cat(0).Q * /clr * /dec(0) * /dec(2) 
        + /cat(0).Q * /clr * uni(1) * /uni(3) 
        + cat(0).Q * /clr * dec(1) 


Completed Successfully  
----------------------------------------------------------------------------
PLD Compiler Software:        PLA2JED.EXE    31/03/2000  [v4.02 ] 6.3 IR 35

DESIGN RULE CHECK          (14:56:19)

Messages:
                 None.


Summary:
                 Error Count = 0      Warning Count = 0

Completed Successfully  
----------------------------------------------------------------------------
PLD Compiler Software:        PLA2JED.EXE    31/03/2000  [v4.02 ] 6.3 IR 35

<CYPRESSTAG name="Pinout" icon=FILE_RPT_PINOUT>
PINOUT INFORMATION   (14:56:19)
</CYPRESSTAG>
Messages:
  Information: Checking for duplicate NODE logic.
                 None.


                                 C22V10
                 __________________________________________
            clk =| 1|                                  |24|* not used       
         uni(3) =| 2|                                  |23|= display(5)     
         uni(2) =| 3|                                  |22|= display(1)     
         uni(1) =| 4|                                  |21|= display(4)     
         uni(0) =| 5|                                  |20|= cat(2)         
         dec(2) =| 6|                                  |19|= cat(0)         
         dec(1) =| 7|                                  |18|= cat(1)         
         dec(0) =| 8|                                  |17|= display(2)     
            clr =| 9|                                  |16|= display(0)     
       not used *|10|                                  |15|= display(3)     
       not used *|11|                                  |14|= display(6)     
       not used *|12|                                  |13|* not used       
                 __________________________________________ 14, 23, 21, 15, 17, 22, 16


Summary:
                 Error Count = 0      Warning Count = 0

Completed Successfully  
----------------------------------------------------------------------------
PLD Compiler Software:        PLA2JED.EXE    31/03/2000  [v4.02 ] 6.3 IR 35

<CYPRESSTAG name="Utilization" icon=FILE_RPT_UTILIZATION>
RESOURCE UTILIZATION (14:56:19)
</CYPRESSTAG>
  Information: Macrocell Utilization.

                     Description        Used     Max
                 ______________________________________
                 | Dedicated Inputs   |    8  |   11  |
                 | Clock/Inputs       |    1  |    1  |
                 | I/O Macrocells     |   10  |   10  |
                 ______________________________________
                                          19  /   22   = 86  %


  Information: Output Logic Product Term Utilization.

                  Node#  Output Signal Name  Used   Max
                 ________________________________________
                 | 14  |  display(6)      |   7  |   8  |
                 | 15  |  display(3)      |   9  |  10  |
                 | 16  |  display(0)      |   7  |  12  |
                 | 17  |  display(2)      |   4  |  14  |
                 | 18  |  cat(1)          |   1  |  16  |
                 | 19  |  cat(0)          |   1  |  16  |
                 | 20  |  cat(2)          |   1  |  14  |
                 | 21  |  display(4)      |   5  |  12  |
                 | 22  |  display(1)      |   7  |  10  |
                 | 23  |  display(5)      |   7  |   8  |
                 | 25  |  Unused          |   0  |   1  |
                 ________________________________________
                                             49  / 121   = 40  %


Completed Successfully  
----------------------------------------------------------------------------
PLD Compiler Software:        PLA2JED.EXE    31/03/2000  [v4.02 ] 6.3 IR 35

JEDEC ASSEMBLE             (14:56:19)

Messages:
  Information: Output file 'p10-2.pin' created.
  Information: Output file 'p10-2.jed' created.

  Usercode:    
  Checksum:    370C



Summary:
                 Error Count = 0      Warning Count = 0

Completed Successfully at 14:56:19
