
     | | | | | | |
   _________________
  -|               |-
  -|               |-
  -|               |-
  -|    CYPRESS    |-
  -|               |-
  -|               |-   Warp VHDL Synthesis Compiler: Version 6.3 IR 35
  -|               |-   Copyright (C) 1991-2001 Cypress Semiconductor
   |_______________|
     | | | | | | |

======================================================================
Compiling:  p11.vhd
Options:    -yu -e10 -w100 -o2 -ygs -fP -v10 -dc22v10 -ppalce22v10-15pc -b p11.vhd -u Practica11.hie
======================================================================

vhdlfe V6.3 IR 35:  VHDL parser
Thu Jan 21 03:21:48 2021

Library 'work' => directory 'lc22v10'
Linking 'C:\Program Files\Cypress\Warp\bin\std.vhd'.
Linking 'C:\Program Files\Cypress\Warp\lib\common\cypress.vhd'.
Linking 'C:\Program Files\Cypress\Warp\lib\common\work\cypress.vif'.
Library 'ieee' => directory 'C:\Program Files\Cypress\Warp\lib\ieee\work'
Linking 'C:\Program Files\Cypress\Warp\lib\ieee\work\stdlogic.vif'.
Linking 'C:\Program Files\Cypress\Warp\lib\ieee\work\syntocyp.vif'.
Linking 'C:\Program Files\Cypress\Warp\lib\ieee\work\synarith.vif'.
Linking 'C:\Program Files\Cypress\Warp\lib\ieee\work\synusgnd.vif'.

vhdlfe:  No errors.


tovif V6.3 IR 35:  High-level synthesis
Thu Jan 21 03:21:48 2021

Linking 'C:\Program Files\Cypress\Warp\bin\std.vhd'.
Linking 'C:\Program Files\Cypress\Warp\lib\common\cypress.vhd'.
Linking 'C:\Program Files\Cypress\Warp\lib\common\work\cypress.vif'.
Linking 'C:\Program Files\Cypress\Warp\lib\ieee\work\stdlogic.vif'.
Linking 'C:\Program Files\Cypress\Warp\lib\ieee\work\syntocyp.vif'.
Linking 'C:\Program Files\Cypress\Warp\lib\ieee\work\synarith.vif'.
Linking 'C:\Program Files\Cypress\Warp\lib\ieee\work\synusgnd.vif'.

tovif:  No errors.


topld V6.3 IR 35:  Synthesis and optimization
Thu Jan 21 03:21:48 2021

Linking 'C:\Program Files\Cypress\Warp\bin\std.vhd'.
Linking 'C:\Program Files\Cypress\Warp\lib\common\cypress.vhd'.
Linking 'C:\Program Files\Cypress\Warp\lib\common\work\cypress.vif'.
Linking 'C:\Program Files\Cypress\Warp\lib\ieee\work\stdlogic.vif'.
Linking 'C:\Program Files\Cypress\Warp\lib\ieee\work\syntocyp.vif'.
Linking 'C:\Program Files\Cypress\Warp\lib\ieee\work\synarith.vif'.
Linking 'C:\Program Files\Cypress\Warp\lib\ieee\work\synusgnd.vif'.
State variable 'edo_act' is represented by a Bit_vector (0 to 1).
State encoding (sequential) for 'edo_act' is:
	e0 :=	b"00";
	e1 :=	b"01";
	e2 :=	b"10";
State variable 'edo_sig' is represented by a Bit_vector (0 to 1).
State encoding (sequential) for 'edo_sig' is:
	e0 :=	b"00";
	e1 :=	b"01";
	e2 :=	b"10";

----------------------------------------------------------
Detecting unused logic.
----------------------------------------------------------



------------------------------------------------------
Alias Detection
------------------------------------------------------

------------------------------------------------------
Aliased 0 equations, 20 wires.
------------------------------------------------------

----------------------------------------------------------
Circuit simplification
----------------------------------------------------------

----------------------------------------------------------
Circuit simplification results:

	Expanded 2 signals.
	Turned 0 signals into soft nodes.
	Maximum default expansion cost was set at 10.
----------------------------------------------------------

------------------------------------------------------
Alias Detection
------------------------------------------------------

------------------------------------------------------
Aliased 0 equations, 0 wires.
------------------------------------------------------
Created 52 PLD nodes.

topld:  No errors.

----------------------------------------------------------------------------
PLD Optimizer Software:       DSGNOPT.EXE    31/03/2000  [v4.02 ] 6.3 IR 35

DESIGN HEADER INFORMATION  (03:21:50)

Input File(s): p11.pla
Device       : C22V10
Package      : palce22v10-15pc
ReportFile   : p11.rpt

Program Controls:
    COMMAND LANGUAGE_VHDL 
    COMMAND PROPERTY BUS_HOLD ENABLE 

Signal Requests:
    GROUP USEPOL ALL
    GROUP FAST_SLEW ALL

Completed Successfully  
----------------------------------------------------------------------------
PLD Optimizer Software:       DSGNOPT.EXE    31/03/2000  [v4.02 ] 6.3 IR 35

OPTIMIZATION OPTIONS       (03:21:50)

Messages:
  Information: Process virtual '\a(0)D\'\a(0)D\ ... expanded.
  Information: Process virtual '\a(1)D\'\a(1)D\ ... expanded.
  Information: Process virtual '\a(2)D\'\a(2)D\ ... expanded.
  Information: Process virtual '\a(3)D\'\a(3)D\ ... expanded.
  Information: Process virtual '\a(4)D\'\a(4)D\ ... expanded.
  Information: Process virtual '\a(5)D\'\a(5)D\ ... expanded.
  Information: Process virtual 'edo_sigSBV_1'edo_sigSBV_1 ... expanded.
  Information: Process virtual 'edo_sigSBV_0'edo_sigSBV_0 ... expanded.
  Information: Process virtual 'edo_actSBV_1' ... converted to NODE.
  Information: Optimizing logic using best output polarity for signals:
         a(0).D a(1).D a(2).D a(3).D a(4).D a(5).D ec.D edo_actSBV_1.D

  Information: Selected logic optimization OFF for signals:
         a(0).AR a(0).C a(1).AR a(1).C a(2).AR a(2).C a(3).AR a(3).C a(4).AR
         a(4).C a(5).AR a(5).C eb ec.AR ec.C edo_actSBV_1.AR edo_actSBV_1.C lb



Summary:
                 Error Count = 0      Warning Count = 0

Completed Successfully  
----------------------------------------------------------------------------
PLD Optimizer Software:       MINOPT.EXE     01/NOV/1999  [v4.02 ] 6.3 IR 35

LOGIC MINIMIZATION         ()

Messages:


Summary:
                 Error Count = 0      Warning Count = 0

Completed Successfully
----------------------------------------------------------------------------
PLD Optimizer Software:       DSGNOPT.EXE    31/03/2000  [v4.02 ] 6.3 IR 35

OPTIMIZATION OPTIONS       (03:21:50)

Messages:
  Information: Optimizing Banked Preset/Reset requirements.
  Information: Selecting D register equation as minimal for signal a(0)
  Information: Selecting D register equation as minimal for signal a(1)
  Information: Selecting D register equation as minimal for signal a(2)
  Information: Selecting D register equation as minimal for signal a(3)
  Information: Selecting D register equation as minimal for signal a(4)
  Information: Selecting D register equation as minimal for signal a(5)
  Information: Selecting D register equation as minimal for signal ec
  Information: Inverting Preset/Reset & output logic polarity for edo_actSBV_1.
  Information: Selecting D register equation as minimal for signal edo_actSBV_1
  Information: Optimizing logic without changing polarity for signals:
         a(0).D a(1).D a(2).D a(3).D a(4).D a(5).D ec.D edo_actSBV_1.D

  Information: Selected logic optimization OFF for signals:
         a(0).AR a(0).SP a(0).C a(1).AR a(1).SP a(1).C a(2).AR a(2).SP a(2).C
         a(3).AR a(3).SP a(3).C a(4).AR a(4).SP a(4).C a(5).AR a(5).SP a(5).C
         eb ec.AR ec.SP ec.C edo_actSBV_1.AR edo_actSBV_1.SP edo_actSBV_1.C lb



Summary:
                 Error Count = 0      Warning Count = 0

Completed Successfully  
----------------------------------------------------------------------------
PLD Optimizer Software:       MINOPT.EXE     01/NOV/1999  [v4.02 ] 6.3 IR 35

LOGIC MINIMIZATION         ()

Messages:


Summary:
                 Error Count = 0      Warning Count = 0

Completed Successfully
----------------------------------------------------------------------------
PLD Optimizer Software:       DSGNOPT.EXE    31/03/2000  [v4.02 ] 6.3 IR 35

OPTIMIZATION OPTIONS       (03:21:50)

Messages:


Summary:
                 Error Count = 0      Warning Count = 0

Completed Successfully  
----------------------------------------------------------------------------
PLD Compiler Software:        PLA2JED.EXE    31/03/2000  [v4.02 ] 6.3 IR 35

<CYPRESSTAG name="Equations" icon=FILE_RPT_EQUATION>
DESIGN EQUATIONS           (03:21:50)
</CYPRESSTAG>

    a(0).D =
          d(0) * /ec.Q * /edo_actSBV_1.Q * /ini 
        + a(0).Q * /edo_actSBV_1.Q * ini 
        + a(0).Q * ec.Q * /edo_actSBV_1.Q 
        + a(1).Q * edo_actSBV_1.Q 

    a(0).AR =
          clr 

    a(0).SP =
          GND

    a(0).C =
          clk 

    a(1).D =
          d(1) * /ec.Q * /edo_actSBV_1.Q * /ini 
        + a(1).Q * /edo_actSBV_1.Q * ini 
        + a(1).Q * ec.Q * /edo_actSBV_1.Q 
        + a(2).Q * edo_actSBV_1.Q 

    a(1).AR =
          clr 

    a(1).SP =
          GND

    a(1).C =
          clk 

    a(2).D =
          d(2) * /ec.Q * /edo_actSBV_1.Q * /ini 
        + a(2).Q * /edo_actSBV_1.Q * ini 
        + a(2).Q * ec.Q * /edo_actSBV_1.Q 
        + a(3).Q * edo_actSBV_1.Q 

    a(2).AR =
          clr 

    a(2).SP =
          GND

    a(2).C =
          clk 

    a(3).D =
          d(3) * /ec.Q * /edo_actSBV_1.Q * /ini 
        + a(3).Q * /edo_actSBV_1.Q * ini 
        + a(3).Q * ec.Q * /edo_actSBV_1.Q 
        + a(4).Q * edo_actSBV_1.Q 

    a(3).AR =
          clr 

    a(3).SP =
          GND

    a(3).C =
          clk 

    a(4).D =
          d(4) * /ec.Q * /edo_actSBV_1.Q * /ini 
        + a(4).Q * /edo_actSBV_1.Q * ini 
        + a(4).Q * ec.Q * /edo_actSBV_1.Q 
        + a(5).Q * edo_actSBV_1.Q 

    a(4).AR =
          clr 

    a(4).SP =
          GND

    a(4).C =
          clk 

    a(5).D =
          d(5) * /ec.Q * /edo_actSBV_1.Q * /ini 
        + a(5).Q * /edo_actSBV_1.Q * ini 
        + a(5).Q * ec.Q * /edo_actSBV_1.Q 

    a(5).AR =
          clr 

    a(5).SP =
          GND

    a(5).C =
          clk 

    eb =
          a(0).Q * edo_actSBV_1.Q 

    ec.D =
          /a(0).Q * /a(1).Q * /a(2).Q * /a(3).Q * /a(4).Q * /a(5).Q * 
          edo_actSBV_1.Q 
        + ec.Q * ini 

    ec.AR =
          clr 

    ec.SP =
          GND

    ec.C =
          clk 

    edo_actSBV_1.D =
          /ec.Q * /edo_actSBV_1.Q * ini 
        + a(5).Q * edo_actSBV_1.Q 
        + a(4).Q * edo_actSBV_1.Q 
        + a(3).Q * edo_actSBV_1.Q 
        + a(2).Q * edo_actSBV_1.Q 
        + a(1).Q * edo_actSBV_1.Q 
        + a(0).Q * edo_actSBV_1.Q 

    edo_actSBV_1.AR =
          clr 

    edo_actSBV_1.SP =
          GND

    edo_actSBV_1.C =
          clk 

    lb =
          /ec.Q * /edo_actSBV_1.Q 


Completed Successfully  
----------------------------------------------------------------------------
PLD Compiler Software:        PLA2JED.EXE    31/03/2000  [v4.02 ] 6.3 IR 35

DESIGN RULE CHECK          (03:21:50)

Messages:
                 None.


Summary:
                 Error Count = 0      Warning Count = 0

Completed Successfully  
----------------------------------------------------------------------------
PLD Compiler Software:        PLA2JED.EXE    31/03/2000  [v4.02 ] 6.3 IR 35

<CYPRESSTAG name="Pinout" icon=FILE_RPT_PINOUT>
PINOUT INFORMATION   (03:21:50)
</CYPRESSTAG>
Messages:
  Information: Checking for duplicate NODE logic.
                 None.


                                 C22V10
                 __________________________________________
            clk =| 1|                                  |24|* not used       
           d(5) =| 2|                                  |23|= a(4)           
           d(4) =| 3|                                  |22|= a(2)           
           d(3) =| 4|                                  |21|= a(0)           
           d(2) =| 5|                                  |20|= ec             
            ini =| 6|                                  |19|= eb             
           d(1) =| 7|                                  |18|= lb             
           d(0) =| 8|                                  |17|= a(5)           
            clr =| 9|                                  |16|= a(1)           
       not used *|10|                                  |15|= a(3)           
       not used *|11|                                  |14|= (edo_actSBV_1) 
       not used *|12|                                  |13|* not used       
                 __________________________________________


Summary:
                 Error Count = 0      Warning Count = 0

Completed Successfully  
----------------------------------------------------------------------------
PLD Compiler Software:        PLA2JED.EXE    31/03/2000  [v4.02 ] 6.3 IR 35

<CYPRESSTAG name="Utilization" icon=FILE_RPT_UTILIZATION>
RESOURCE UTILIZATION (03:21:50)
</CYPRESSTAG>
  Information: Macrocell Utilization.

                     Description        Used     Max
                 ______________________________________
                 | Dedicated Inputs   |    8  |   11  |
                 | Clock/Inputs       |    1  |    1  |
                 | I/O Macrocells     |   10  |   10  |
                 ______________________________________
                                          19  /   22   = 86  %


  Information: Output Logic Product Term Utilization.

                  Node#  Output Signal Name  Used   Max
                 ________________________________________
                 | 14  |  edo_actSBV_1    |   7  |   8  |
                 | 15  |  a(3)            |   4  |  10  |
                 | 16  |  a(1)            |   4  |  12  |
                 | 17  |  a(5)            |   3  |  14  |
                 | 18  |  lb              |   1  |  16  |
                 | 19  |  eb              |   1  |  16  |
                 | 20  |  ec              |   2  |  14  |
                 | 21  |  a(0)            |   4  |  12  |
                 | 22  |  a(2)            |   4  |  10  |
                 | 23  |  a(4)            |   4  |   8  |
                 | 25  |  Unused          |   0  |   1  |
                 ________________________________________
                                             34  / 121   = 28  %


Completed Successfully  
----------------------------------------------------------------------------
PLD Compiler Software:        PLA2JED.EXE    31/03/2000  [v4.02 ] 6.3 IR 35

JEDEC ASSEMBLE             (03:21:50)

Messages:
  Information: Output file 'p11.pin' created.
  Information: Output file 'p11.jed' created.

  Usercode:    
  Checksum:    DFD4



Summary:
                 Error Count = 0      Warning Count = 0

Completed Successfully at 03:21:50
